
分配公共符号
公共符号            大小              文件

idt_ptr             0x6               kernel/global.o
Queue2              0xc               kernel/proc.o
task_stack          0x48000           kernel/global.o
k_reenter           0x4               kernel/global.o
gdt                 0x400             kernel/global.o
changeProBFlag      0x4               kernel/start.o
tty_table           0x1830            kernel/global.o
fcfsHead            0x4               kernel/start.o
tss                 0x68              kernel/global.o
p_schedule          0xc               kernel/start.o
task_queue          0x24              kernel/start.o
nr_current_console  0x4               kernel/global.o
changeProAFlag      0x4               kernel/start.o
fcfsTail            0x4               kernel/start.o
proc_queueA         0x24              kernel/start.o
whichSchedule       0x4               kernel/start.o
disp_pos            0x4               kernel/global.o
proc_queueB         0x24              kernel/start.o
gdt_ptr             0x6               kernel/global.o
idt                 0x800             kernel/global.o
ticks               0x4               kernel/global.o
Queue3              0xc               kernel/proc.o
ifDebug             0x4               kernel/start.o
console_table       0x30              kernel/global.o
Queue1              0xc               kernel/proc.o
irq_table           0x40              kernel/global.o
p_proc_ready        0x4               kernel/global.o
proc_table          0x5a0             kernel/global.o
timeData            0x4               kernel/start.o

舍弃的输入节

 .group         0x0000000000000000        0x8 kernel/start.o
 .note.GNU-stack
                0x0000000000000000        0x0 kernel/start.o
 .group         0x0000000000000000        0x8 kernel/main.o
 .text.__x86.get_pc_thunk.bx
                0x0000000000000000        0x4 kernel/main.o
 .note.GNU-stack
                0x0000000000000000        0x0 kernel/main.o
 .group         0x0000000000000000        0x8 kernel/clock.o
 .group         0x0000000000000000        0x8 kernel/clock.o
 .text.__x86.get_pc_thunk.bx
                0x0000000000000000        0x4 kernel/clock.o
 .note.GNU-stack
                0x0000000000000000        0x0 kernel/clock.o
 .group         0x0000000000000000        0x8 kernel/keyboard.o
 .text.__x86.get_pc_thunk.bx
                0x0000000000000000        0x4 kernel/keyboard.o
 .note.GNU-stack
                0x0000000000000000        0x0 kernel/keyboard.o
 .group         0x0000000000000000        0x8 kernel/tty.o
 .group         0x0000000000000000        0x8 kernel/tty.o
 .text.__x86.get_pc_thunk.ax
                0x0000000000000000        0x4 kernel/tty.o
 .text.__x86.get_pc_thunk.bx
                0x0000000000000000        0x4 kernel/tty.o
 .note.GNU-stack
                0x0000000000000000        0x0 kernel/tty.o
 .group         0x0000000000000000        0x8 kernel/console.o
 .group         0x0000000000000000        0x8 kernel/console.o
 .group         0x0000000000000000        0x8 kernel/console.o
 .text.__x86.get_pc_thunk.ax
                0x0000000000000000        0x4 kernel/console.o
 .text.__x86.get_pc_thunk.bx
                0x0000000000000000        0x4 kernel/console.o
 .note.GNU-stack
                0x0000000000000000        0x0 kernel/console.o
 .group         0x0000000000000000        0x8 kernel/i8259.o
 .text.__x86.get_pc_thunk.bx
                0x0000000000000000        0x4 kernel/i8259.o
 .note.GNU-stack
                0x0000000000000000        0x0 kernel/i8259.o
 .note.GNU-stack
                0x0000000000000000        0x0 kernel/global.o
 .group         0x0000000000000000        0x8 kernel/protect.o
 .group         0x0000000000000000        0x8 kernel/protect.o
 .text.__x86.get_pc_thunk.ax
                0x0000000000000000        0x4 kernel/protect.o
 .text.__x86.get_pc_thunk.bx
                0x0000000000000000        0x4 kernel/protect.o
 .note.GNU-stack
                0x0000000000000000        0x0 kernel/protect.o
 .group         0x0000000000000000        0x8 kernel/proc.o
 .group         0x0000000000000000        0x8 kernel/proc.o
 .group         0x0000000000000000        0x8 kernel/proc.o
 .text.__x86.get_pc_thunk.ax
                0x0000000000000000        0x4 kernel/proc.o
 .text.__x86.get_pc_thunk.cx
                0x0000000000000000        0x4 kernel/proc.o
 .text.__x86.get_pc_thunk.bx
                0x0000000000000000        0x4 kernel/proc.o
 .note.GNU-stack
                0x0000000000000000        0x0 kernel/proc.o
 .group         0x0000000000000000        0x8 kernel/systask.o
 .text.__x86.get_pc_thunk.bx
                0x0000000000000000        0x4 kernel/systask.o
 .note.GNU-stack
                0x0000000000000000        0x0 kernel/systask.o
 .group         0x0000000000000000        0x8 kernel/shell.o
 .group         0x0000000000000000        0x8 kernel/shell.o
 .text.__x86.get_pc_thunk.ax
                0x0000000000000000        0x4 kernel/shell.o
 .text.__x86.get_pc_thunk.bx
                0x0000000000000000        0x4 kernel/shell.o
 .note.GNU-stack
                0x0000000000000000        0x0 kernel/shell.o
 .group         0x0000000000000000        0x8 kernel/game.o
 .group         0x0000000000000000        0x8 kernel/game.o
 .group         0x0000000000000000        0x8 kernel/game.o
 .group         0x0000000000000000        0x8 kernel/game.o
 .text.__x86.get_pc_thunk.ax
                0x0000000000000000        0x4 kernel/game.o
 .text.__x86.get_pc_thunk.bx
                0x0000000000000000        0x4 kernel/game.o
 .note.GNU-stack
                0x0000000000000000        0x0 kernel/game.o
 .group         0x0000000000000000        0x8 kernel/printf.o
 .text.__x86.get_pc_thunk.bx
                0x0000000000000000        0x4 kernel/printf.o
 .note.GNU-stack
                0x0000000000000000        0x0 kernel/printf.o
 .group         0x0000000000000000        0x8 kernel/vsprintf.o
 .group         0x0000000000000000        0x8 kernel/vsprintf.o
 .text.__x86.get_pc_thunk.ax
                0x0000000000000000        0x4 kernel/vsprintf.o
 .text.__x86.get_pc_thunk.bx
                0x0000000000000000        0x4 kernel/vsprintf.o
 .note.GNU-stack
                0x0000000000000000        0x0 kernel/vsprintf.o
 .group         0x0000000000000000        0x8 lib/klib.o
 .group         0x0000000000000000        0x8 lib/klib.o
 .text.__x86.get_pc_thunk.ax
                0x0000000000000000        0x4 lib/klib.o
 .text.__x86.get_pc_thunk.bx
                0x0000000000000000        0x4 lib/klib.o
 .note.GNU-stack
                0x0000000000000000        0x0 lib/klib.o
 .group         0x0000000000000000        0x8 lib/misc.o
 .group         0x0000000000000000        0x8 lib/misc.o
 .text.__x86.get_pc_thunk.ax
                0x0000000000000000        0x4 lib/misc.o
 .text.__x86.get_pc_thunk.bx
                0x0000000000000000        0x4 lib/misc.o
 .note.GNU-stack
                0x0000000000000000        0x0 lib/misc.o

内存配置

名称           来源             长度             属性
*default*        0x0000000000000000 0xffffffffffffffff

链结器命令稿和内存映射

段 .text 的地址设置为 0x30400
LOAD kernel/kernel.o
LOAD kernel/syscall.o
LOAD kernel/start.o
LOAD kernel/main.o
LOAD kernel/clock.o
LOAD kernel/keyboard.o
LOAD kernel/tty.o
LOAD kernel/console.o
LOAD kernel/i8259.o
LOAD kernel/global.o
LOAD kernel/protect.o
LOAD kernel/proc.o
LOAD kernel/systask.o
LOAD kernel/shell.o
LOAD kernel/game.o
LOAD kernel/printf.o
LOAD kernel/vsprintf.o
LOAD lib/kliba.o
LOAD lib/klib.o
LOAD lib/string.o
LOAD lib/misc.o
                [!provide]                        PROVIDE (__executable_start = SEGMENT_START ("text-segment", 0x8048000))
                0x0000000008048094                . = (SEGMENT_START ("text-segment", 0x8048000) + SIZEOF_HEADERS)

.interp
 *(.interp)

.note.gnu.build-id
 *(.note.gnu.build-id)

.hash
 *(.hash)

.gnu.hash
 *(.gnu.hash)

.dynsym
 *(.dynsym)

.dynstr
 *(.dynstr)

.gnu.version
 *(.gnu.version)

.gnu.version_d
 *(.gnu.version_d)

.gnu.version_r
 *(.gnu.version_r)

.rel.dyn        0x0000000008048094        0x0
 *(.rel.init)
 *(.rel.text .rel.text.* .rel.gnu.linkonce.t.*)
 .rel.text      0x0000000008048094        0x0 kernel/kernel.o
 *(.rel.fini)
 *(.rel.rodata .rel.rodata.* .rel.gnu.linkonce.r.*)
 *(.rel.data.rel.ro .rel.data.rel.ro.* .rel.gnu.linkonce.d.rel.ro.*)
 *(.rel.data .rel.data.* .rel.gnu.linkonce.d.*)
 *(.rel.tdata .rel.tdata.* .rel.gnu.linkonce.td.*)
 *(.rel.tbss .rel.tbss.* .rel.gnu.linkonce.tb.*)
 *(.rel.ctors)
 *(.rel.dtors)
 *(.rel.got)
 .rel.got       0x0000000008048094        0x0 kernel/kernel.o
 *(.rel.bss .rel.bss.* .rel.gnu.linkonce.b.*)
 *(.rel.ifunc)

.rel.plt        0x0000000008048094        0x0
 *(.rel.plt)
                [!provide]                        PROVIDE (__rel_iplt_start = .)
 *(.rel.iplt)
 .rel.iplt      0x0000000008048094        0x0 kernel/kernel.o
                [!provide]                        PROVIDE (__rel_iplt_end = .)

.init
 *(SORT_NONE(.init))

.plt            0x0000000008048098        0x0
 *(.plt)
 *(.iplt)
 .iplt          0x0000000008048098        0x0 kernel/kernel.o

.plt.got
 *(.plt.got)

.plt.sec
 *(.plt.sec)

.text           0x0000000000030400     0x8aab
 *(.text.unlikely .text.*_unlikely .text.unlikely.*)
 *(.text.exit .text.exit.*)
 *(.text.startup .text.startup.*)
 *(.text.hot .text.hot.*)
 *(.text .stub .text.* .gnu.linkonce.t.*)
 .text          0x0000000000030400      0x317 kernel/kernel.o
                0x0000000000030400                _start
                0x0000000000030440                hwint00
                0x0000000000030470                hwint01
                0x00000000000304a0                hwint02
                0x00000000000304d0                hwint03
                0x0000000000030500                hwint04
                0x0000000000030530                hwint05
                0x0000000000030560                hwint06
                0x0000000000030590                hwint07
                0x00000000000305c0                hwint08
                0x00000000000305d0                hwint09
                0x00000000000305e0                hwint10
                0x00000000000305f0                hwint11
                0x0000000000030600                hwint12
                0x0000000000030610                hwint13
                0x0000000000030620                hwint14
                0x0000000000030630                hwint15
                0x000000000003063b                divide_error
                0x0000000000030641                single_step_exception
                0x0000000000030647                nmi
                0x000000000003064d                breakpoint_exception
                0x0000000000030653                overflow
                0x0000000000030659                bounds_check
                0x000000000003065f                inval_opcode
                0x0000000000030665                copr_not_available
                0x000000000003066b                double_fault
                0x000000000003066f                copr_seg_overrun
                0x0000000000030675                inval_tss
                0x0000000000030679                segment_not_present
                0x000000000003067d                stack_exception
                0x0000000000030681                general_protection
                0x0000000000030685                page_fault
                0x0000000000030689                copr_error
                0x00000000000306d2                sys_call
                0x00000000000306f2                restart
 *fill*         0x0000000000030717        0x9 
 .text          0x0000000000030720       0x28 kernel/syscall.o
                0x0000000000030720                sendrec
                0x0000000000030734                printx
                0x0000000000030740                rtcTime
 .text          0x0000000000030748       0xc3 kernel/start.o
                0x0000000000030748                cstart
 .text.__x86.get_pc_thunk.bx
                0x000000000003080b        0x4 kernel/start.o
                0x000000000003080b                __x86.get_pc_thunk.bx
 .text          0x000000000003080f      0x5f3 kernel/main.o
                0x000000000003080f                kernel_main
                0x0000000000030c69                get_ticks
                0x0000000000030cac                TestA
                0x0000000000030d1a                TestB
                0x0000000000030d63                TestC
                0x0000000000030da8                panic
 .text          0x0000000000030e02      0x122 kernel/clock.o
                0x0000000000030e02                clock_handler
                0x0000000000030e71                milli_delay
                0x0000000000030ebb                init_clock
 .text.__x86.get_pc_thunk.ax
                0x0000000000030f24        0x4 kernel/clock.o
                0x0000000000030f24                __x86.get_pc_thunk.ax
 .text          0x0000000000030f28      0x749 kernel/keyboard.o
                0x0000000000030f28                keyboard_handler
                0x0000000000030fa1                init_keyboard
                0x0000000000031061                keyboard_read
 .text          0x0000000000031671      0x745 kernel/tty.o
                0x0000000000031671                testDel
                0x00000000000316ac                task_tty
                0x00000000000317d0                clear_screen
                0x0000000000031807                in_process
                0x0000000000031b87                tty_write
                0x0000000000031bdc                sys_printx
 .text          0x0000000000031db6      0x5cf kernel/console.o
                0x0000000000031db6                init_screen
                0x0000000000031ef1                is_current_console
                0x0000000000031f1c                out_char
                0x0000000000032065                out_color_char
                0x0000000000032109                print_color_str
                0x0000000000032294                select_console
                0x00000000000322da                scroll_screen
                0x000000000003234f                clear_init_screen
 .text.__x86.get_pc_thunk.cx
                0x0000000000032385        0x4 kernel/console.o
                0x0000000000032385                __x86.get_pc_thunk.cx
 .text          0x0000000000032389      0x167 kernel/i8259.o
                0x0000000000032389                init_8259A
                0x0000000000032471                spurious_irq
                0x00000000000324bb                put_irq_handler
 .text          0x00000000000324f0        0x0 kernel/global.o
 .text          0x00000000000324f0      0x6cb kernel/protect.o
                0x00000000000324f0                init_prot
                0x0000000000032991                seg2phys
                0x0000000000032a64                exception_handler
 .text          0x0000000000032bbb     0x2b4d kernel/proc.o
                0x0000000000032bbb                get_last_proc
                0x0000000000032c09                add_to_queue
                0x0000000000032c63                init_schedule_queue
                0x0000000000032dcf                mqs_schedule
                0x00000000000333fe                mrc_schedule
                0x0000000000033c25                rr_schedule
                0x0000000000033cd9                sys_sendrec
                0x0000000000033e29                send_recv
                0x0000000000033efb                ldt_seg_linear
                0x0000000000033f4f                va2la
                0x0000000000033fcc                reset_msg
                0x0000000000034fee                dump_proc
                0x00000000000353ca                dump_msg
                0x00000000000354ff                strcmp
                0x000000000003558d                sys_getTime
 .text          0x0000000000035708       0x69 kernel/systask.o
                0x0000000000035708                task_sys
 .text          0x0000000000035771     0x1ec0 kernel/shell.o
                0x00000000000357f4                print_welcome
                0x0000000000037522                task_shell
 .text          0x0000000000037631     0x10e6 kernel/game.o
                0x0000000000037631                doRand
                0x00000000000380f4                Gpow
                0x0000000000038298                Gticks
                0x000000000003864b                get_game_ticks
                0x0000000000038680                task_tick
 .text.__x86.get_pc_thunk.dx
                0x0000000000038717        0x4 kernel/game.o
                0x0000000000038717                __x86.get_pc_thunk.dx
 .text.__x86.get_pc_thunk.si
                0x000000000003871b        0x4 kernel/game.o
                0x000000000003871b                __x86.get_pc_thunk.si
 .text          0x000000000003871f       0x5f kernel/printf.o
                0x000000000003871f                printf
 .text          0x000000000003877e      0x330 kernel/vsprintf.o
                0x00000000000387ee                vsprintf
                0x0000000000038a7e                sprintf
 *fill*         0x0000000000038aae        0x2 
 .text          0x0000000000038ab0      0x141 lib/kliba.o
                0x0000000000038ab0                disp_str
                0x0000000000038af6                disp_color_str
                0x0000000000038b35                out_byte
                0x0000000000038b41                in_byte
                0x0000000000038b4b                disable_irq
                0x0000000000038b80                enable_irq
                0x0000000000038b9f                disable_int
                0x0000000000038ba1                enable_int
                0x0000000000038ba3                generate_music
 .text          0x0000000000038bf1      0x13c lib/klib.o
                0x0000000000038bf1                itoa
                0x0000000000038ca6                disp_int
                0x0000000000038cdc                delay
 *fill*         0x0000000000038d2d        0x3 
 .text          0x0000000000038d30       0xdb lib/string.o
                0x0000000000038d30                memcpy
                0x0000000000038d59                memset
                0x0000000000038d7a                strcpy
                0x0000000000038d92                strcatch
                0x0000000000038db6                strcat
                0x0000000000038dda                strdel
                0x0000000000038df5                strlen
 .text          0x0000000000038e0b       0xa0 lib/misc.o
                0x0000000000038e0b                spin
                0x0000000000038e35                spinProc
                0x0000000000038e5f                assertion_failure
 *(.gnu.warning)

.fini
 *(SORT_NONE(.fini))
                [!provide]                        PROVIDE (__etext = .)
                [!provide]                        PROVIDE (_etext = .)
                [!provide]                        PROVIDE (etext = .)

.rodata         0x0000000000038ec0     0x279d
 *(.rodata .rodata.* .gnu.linkonce.r.*)
 .rodata        0x0000000000038ec0       0x47 kernel/start.o
 *fill*         0x0000000000038f07        0x1 
 .rodata        0x0000000000038f08       0x54 kernel/main.o
 .rodata        0x0000000000038f5c       0x64 kernel/keyboard.o
 .rodata        0x0000000000038fc0       0x94 kernel/tty.o
 .rodata        0x0000000000039054       0x11 kernel/i8259.o
 *fill*         0x0000000000039065       0x1b 
 .rodata        0x0000000000039080      0x540 kernel/protect.o
 .rodata        0x00000000000395c0      0x61a kernel/proc.o
 .rodata        0x0000000000039bda       0x11 kernel/systask.o
 *fill*         0x0000000000039beb        0x1 
 .rodata        0x0000000000039bec     0x189c kernel/shell.o
 .rodata        0x000000000003b488      0x157 kernel/game.o
 *fill*         0x000000000003b5df        0x1 
 .rodata        0x000000000003b5e0       0x7d lib/misc.o

.rodata1
 *(.rodata1)

.eh_frame_hdr
 *(.eh_frame_hdr)
 *(.eh_frame_entry .eh_frame_entry.*)

.eh_frame       0x000000000003b660      0xd60
 *(.eh_frame)
 .eh_frame      0x000000000003b660       0x50 kernel/start.o
 .eh_frame      0x000000000003b6b0       0xc8 kernel/main.o
                                         0xf4 (松开之前的大小)
 .eh_frame      0x000000000003b778       0x7c kernel/clock.o
                                         0xa8 (松开之前的大小)
 .eh_frame      0x000000000003b7f4       0xfc kernel/keyboard.o
                                        0x128 (松开之前的大小)
 .eh_frame      0x000000000003b8f0      0x15c kernel/tty.o
                                        0x19c (松开之前的大小)
 .eh_frame      0x000000000003ba4c      0x184 kernel/console.o
                                        0x1c4 (松开之前的大小)
 .eh_frame      0x000000000003bbd0       0x6c kernel/i8259.o
                                         0x98 (松开之前的大小)
 .eh_frame      0x000000000003bc3c       0xb8 kernel/protect.o
                                         0xf8 (松开之前的大小)
 .eh_frame      0x000000000003bcf4      0x2ec kernel/proc.o
                                        0x340 (松开之前的大小)
 .eh_frame      0x000000000003bfe0       0x1c kernel/systask.o
                                         0x48 (松开之前的大小)
 .eh_frame      0x000000000003bffc      0x12c kernel/shell.o
                                        0x16c (松开之前的大小)
 .eh_frame      0x000000000003c128      0x14c kernel/game.o
                                        0x18c (松开之前的大小)
 .eh_frame      0x000000000003c274       0x24 kernel/printf.o
                                         0x50 (松开之前的大小)
 .eh_frame      0x000000000003c298       0x68 kernel/vsprintf.o
                                         0xa8 (松开之前的大小)
 .eh_frame      0x000000000003c300       0x64 lib/klib.o
                                         0xa4 (松开之前的大小)
 .eh_frame      0x000000000003c364       0x5c lib/misc.o
                                         0x9c (松开之前的大小)
 *(.eh_frame.*)

.gcc_except_table
 *(.gcc_except_table .gcc_except_table.*)

.gnu_extab
 *(.gnu_extab*)

.exception_ranges
 *(.exception_ranges .exception_ranges*)
                0x000000000003e000                . = DATA_SEGMENT_ALIGN (CONSTANT (MAXPAGESIZE), CONSTANT (COMMONPAGESIZE))

.eh_frame
 *(.eh_frame)
 *(.eh_frame.*)

.gnu_extab
 *(.gnu_extab)

.gcc_except_table
 *(.gcc_except_table .gcc_except_table.*)

.exception_ranges
 *(.exception_ranges .exception_ranges*)

.tdata
 *(.tdata .tdata.* .gnu.linkonce.td.*)

.tbss
 *(.tbss .tbss.* .gnu.linkonce.tb.*)
 *(.tcommon)

.preinit_array  0x000000000003e000        0x0
                [!provide]                        PROVIDE (__preinit_array_start = .)
 *(.preinit_array)
                [!provide]                        PROVIDE (__preinit_array_end = .)

.init_array     0x000000000003e000        0x0
                [!provide]                        PROVIDE (__init_array_start = .)
 *(SORT_BY_INIT_PRIORITY(.init_array.*) SORT_BY_INIT_PRIORITY(.ctors.*))
 *(.init_array EXCLUDE_FILE(*crtend?.o *crtend.o *crtbegin?.o *crtbegin.o) .ctors)
                [!provide]                        PROVIDE (__init_array_end = .)

.fini_array     0x000000000003e000        0x0
                [!provide]                        PROVIDE (__fini_array_start = .)
 *(SORT_BY_INIT_PRIORITY(.fini_array.*) SORT_BY_INIT_PRIORITY(.dtors.*))
 *(.fini_array EXCLUDE_FILE(*crtend?.o *crtend.o *crtbegin?.o *crtbegin.o) .dtors)
                [!provide]                        PROVIDE (__fini_array_end = .)

.ctors
 *crtbegin.o(.ctors)
 *crtbegin?.o(.ctors)
 *(EXCLUDE_FILE(*crtend?.o *crtend.o) .ctors)
 *(SORT_BY_NAME(.ctors.*))
 *(.ctors)

.dtors
 *crtbegin.o(.dtors)
 *crtbegin?.o(.dtors)
 *(EXCLUDE_FILE(*crtend?.o *crtend.o) .dtors)
 *(SORT_BY_NAME(.dtors.*))
 *(.dtors)

.jcr
 *(.jcr)

.data.rel.ro
 *(.data.rel.ro.local* .gnu.linkonce.d.rel.ro.local.*)
 *(.data.rel.ro .data.rel.ro.* .gnu.linkonce.d.rel.ro.*)

.dynamic
 *(.dynamic)

.got            0x000000000003e000        0x0
 *(.got)
 .got           0x000000000003e000        0x0 kernel/kernel.o
 *(.igot)
                0x000000000003eff4                . = DATA_SEGMENT_RELRO_END (., (SIZEOF (.got.plt) >= 0xc)?0xc:0x0)

.got.plt        0x000000000003e000        0xc
 *(.got.plt)
 .got.plt       0x000000000003e000        0xc kernel/kernel.o
                0x000000000003e000                _GLOBAL_OFFSET_TABLE_
 *(.igot.plt)
 .igot.plt      0x000000000003e00c        0x0 kernel/kernel.o

.data           0x000000000003e020      0x7ac
 *(.data .data.* .gnu.linkonce.d.*)
 .data          0x000000000003e020        0x2 kernel/kernel.o
 .data          0x000000000003e022        0x0 kernel/start.o
 .data          0x000000000003e022        0x0 kernel/main.o
 .data          0x000000000003e022        0x0 kernel/clock.o
 *fill*         0x000000000003e022       0x1e 
 .data          0x000000000003e040      0x600 kernel/keyboard.o
                0x000000000003e040                keymap
 .data          0x000000000003e640        0x0 kernel/tty.o
 .data          0x000000000003e640        0x0 kernel/console.o
 .data          0x000000000003e640        0x0 kernel/i8259.o
 .data          0x000000000003e640        0x0 kernel/global.o
 .data.rel      0x000000000003e640      0x184 kernel/global.o
                0x000000000003e640                task_table
                0x000000000003e740                user_proc_table
                0x000000000003e7b8                sys_call_table
 .data          0x000000000003e7c4        0x0 kernel/protect.o
 .data          0x000000000003e7c4        0x0 kernel/proc.o
 .data          0x000000000003e7c4        0x0 kernel/systask.o
 .data          0x000000000003e7c4        0x0 kernel/shell.o
 .data          0x000000000003e7c4        0x8 kernel/game.o
                0x000000000003e7c4                print
                0x000000000003e7c8                preticks
 .data          0x000000000003e7cc        0x0 kernel/printf.o
 .data          0x000000000003e7cc        0x0 kernel/vsprintf.o
 .data          0x000000000003e7cc        0x0 lib/klib.o
 .data          0x000000000003e7cc        0x0 lib/misc.o

.data1
 *(.data1)
                0x000000000003e7cc                _edata = .
                [!provide]                        PROVIDE (edata = .)
                0x000000000003e7cc                . = .
                0x000000000003e7cc                __bss_start = .

.bss            0x000000000003e7e0    0x4b564
 *(.dynbss)
 *(.bss .bss.* .gnu.linkonce.b.*)
 .bss           0x000000000003e7e0      0x800 kernel/kernel.o
 .bss           0x000000000003efe0        0x0 kernel/start.o
 .bss           0x000000000003efe0        0x0 kernel/main.o
 .bss           0x000000000003efe0        0x0 kernel/clock.o
 .bss           0x000000000003efe0       0x58 kernel/keyboard.o
 .bss           0x000000000003f038        0x0 kernel/tty.o
 .bss           0x000000000003f038        0x0 kernel/console.o
 .bss           0x000000000003f038        0x0 kernel/i8259.o
 .bss           0x000000000003f038        0x0 kernel/global.o
 .bss           0x000000000003f038        0x0 kernel/protect.o
 *fill*         0x000000000003f038        0x8 
 .bss           0x000000000003f040       0x84 kernel/proc.o
                0x000000000003f040                block_schedule
 .bss           0x000000000003f0c4        0x0 kernel/systask.o
 .bss           0x000000000003f0c4        0x0 kernel/shell.o
 .bss           0x000000000003f0c4        0x0 kernel/game.o
 .bss           0x000000000003f0c4        0x0 kernel/printf.o
 .bss           0x000000000003f0c4        0x0 kernel/vsprintf.o
 .bss           0x000000000003f0c4        0x0 lib/klib.o
 .bss           0x000000000003f0c4        0x0 lib/misc.o
 *(COMMON)
 *fill*         0x000000000003f0c4       0x1c 
 COMMON         0x000000000003f0e0       0xcc kernel/start.o
                0x000000000003f0e0                changeProBFlag
                0x000000000003f0e4                fcfsHead
                0x000000000003f0e8                p_schedule
                0x000000000003f100                task_queue
                0x000000000003f124                changeProAFlag
                0x000000000003f128                fcfsTail
                0x000000000003f140                proc_queueA
                0x000000000003f164                whichSchedule
                0x000000000003f180                proc_queueB
                0x000000000003f1a4                ifDebug
                0x000000000003f1a8                timeData
 *fill*         0x000000000003f1ac       0x14 
 COMMON         0x000000000003f1c0    0x4ab60 kernel/global.o
                0x000000000003f1c0                idt_ptr
                0x000000000003f1e0                task_stack
                0x00000000000871e0                k_reenter
                0x0000000000087200                gdt
                0x0000000000087600                tty_table
                0x0000000000088e40                tss
                0x0000000000088ea8                nr_current_console
                0x0000000000088eac                disp_pos
                0x0000000000088eb0                gdt_ptr
                0x0000000000088ec0                idt
                0x00000000000896c0                ticks
                0x00000000000896e0                console_table
                0x0000000000089720                irq_table
                0x0000000000089760                p_proc_ready
                0x0000000000089780                proc_table
 COMMON         0x0000000000089d20       0x24 kernel/proc.o
                0x0000000000089d20                Queue2
                0x0000000000089d2c                Queue3
                0x0000000000089d38                Queue1
                0x0000000000089d44                . = ALIGN ((. != 0x0)?0x4:0x1)
                0x0000000000089d44                . = ALIGN (0x4)
                0x0000000000089d44                . = SEGMENT_START ("ldata-segment", .)
                0x0000000000089d44                . = ALIGN (0x4)
                0x0000000000089d44                _end = .
                [!provide]                        PROVIDE (end = .)
                0x0000000000089d44                . = DATA_SEGMENT_END (.)

.stab
 *(.stab)

.stabstr
 *(.stabstr)

.stab.excl
 *(.stab.excl)

.stab.exclstr
 *(.stab.exclstr)

.stab.index
 *(.stab.index)

.stab.indexstr
 *(.stab.indexstr)

.comment        0x0000000000000000       0x24
 *(.comment)
 .comment       0x0000000000000000       0x24 kernel/start.o
                                         0x25 (松开之前的大小)
 .comment       0x0000000000000024       0x25 kernel/main.o
 .comment       0x0000000000000024       0x25 kernel/clock.o
 .comment       0x0000000000000024       0x25 kernel/keyboard.o
 .comment       0x0000000000000024       0x25 kernel/tty.o
 .comment       0x0000000000000024       0x25 kernel/console.o
 .comment       0x0000000000000024       0x25 kernel/i8259.o
 .comment       0x0000000000000024       0x25 kernel/global.o
 .comment       0x0000000000000024       0x25 kernel/protect.o
 .comment       0x0000000000000024       0x25 kernel/proc.o
 .comment       0x0000000000000024       0x25 kernel/systask.o
 .comment       0x0000000000000024       0x25 kernel/shell.o
 .comment       0x0000000000000024       0x25 kernel/game.o
 .comment       0x0000000000000024       0x25 kernel/printf.o
 .comment       0x0000000000000024       0x25 kernel/vsprintf.o
 .comment       0x0000000000000024       0x25 lib/klib.o
 .comment       0x0000000000000024       0x25 lib/misc.o

.debug
 *(.debug)

.line
 *(.line)

.debug_srcinfo
 *(.debug_srcinfo)

.debug_sfnames
 *(.debug_sfnames)

.debug_aranges
 *(.debug_aranges)

.debug_pubnames
 *(.debug_pubnames)

.debug_info
 *(.debug_info .gnu.linkonce.wi.*)

.debug_abbrev
 *(.debug_abbrev)

.debug_line
 *(.debug_line .debug_line.* .debug_line_end)

.debug_frame
 *(.debug_frame)

.debug_str
 *(.debug_str)

.debug_loc
 *(.debug_loc)

.debug_macinfo
 *(.debug_macinfo)

.debug_weaknames
 *(.debug_weaknames)

.debug_funcnames
 *(.debug_funcnames)

.debug_typenames
 *(.debug_typenames)

.debug_varnames
 *(.debug_varnames)

.debug_pubtypes
 *(.debug_pubtypes)

.debug_ranges
 *(.debug_ranges)

.debug_macro
 *(.debug_macro)

.debug_addr
 *(.debug_addr)

.gnu.attributes
 *(.gnu.attributes)

/DISCARD/
 *(.note.GNU-stack)
 *(.gnu_debuglink)
 *(.gnu.lto_*)
OUTPUT(kernel.bin elf32-i386)
